﻿00:00 +0: loading D:/Projects/Expense-Tracker/test/widget_test.dart
00:00 +0: App smoke test
ΓòÉΓòÉΓòí EXCEPTION CAUGHT BY WIDGETS LIBRARY Γò₧ΓòÉΓòÉΓòÉΓòÉΓòÉΓòÉΓòÉΓòÉΓòÉΓòÉΓòÉΓòÉΓòÉΓòÉΓòÉΓòÉΓòÉΓòÉΓòÉΓòÉΓòÉΓòÉΓòÉΓòÉΓòÉΓòÉΓòÉΓòÉΓòÉΓòÉΓòÉΓòÉΓòÉΓòÉΓòÉΓòÉΓòÉΓòÉΓòÉΓòÉΓòÉΓòÉΓòÉΓòÉΓòÉΓòÉΓòÉΓòÉΓòÉΓòÉΓòÉΓòÉΓòÉΓòÉΓòÉΓòÉΓòÉΓòÉΓòÉ
The following HiveError was thrown building LoginScreen(dirty, dependencies:
[InheritedCupertinoTheme, MediaQuery, UncontrolledProviderScope, _InheritedTheme,
_LocalizationsScope-[GlobalKey#e9ec7]], state: _LoginScreenState#efc89):
Box not found. Did you forget to call Hive.openBox()?

The relevant error-causing widget was:
  LoginScreen LoginScreen:file:///D:/Projects/Expense-Tracker/lib/core/routing/app_router.dart:82:24

When the exception was thrown, this was the stack:
#1      _ProviderStateSubscription.read (package:riverpod/src/framework/provider_base.dart:181:28)
#2      ConsumerStatefulElement.watch (package:flutter_riverpod/src/consumer.dart:568:8)
#3      _LoginScreenState.build (package:expense_tracker/presentation/screens/auth/login_screen.dart:123:27)
#4      StatefulElement.build (package:flutter/src/widgets/framework.dart:5931:27)
#5      ConsumerStatefulElement.build (package:flutter_riverpod/src/consumer.dart:539:20)
#6      ComponentElement.performRebuild (package:flutter/src/widgets/framework.dart:5817:15)
#7      StatefulElement.performRebuild (package:flutter/src/widgets/framework.dart:5982:11)
#8      Element.rebuild (package:flutter/src/widgets/framework.dart:5529:7)
#9      ComponentElement._firstBuild (package:flutter/src/widgets/framework.dart:5799:5)
#10     StatefulElement._firstBuild (package:flutter/src/widgets/framework.dart:5973:11)
#11     ComponentElement.mount (package:flutter/src/widgets/framework.dart:5793:5)
...     Normal element mounting (163 frames)
#174    Element.inflateWidget (package:flutter/src/widgets/framework.dart:4587:20)
#175    MultiChildRenderObjectElement.inflateWidget (package:flutter/src/widgets/framework.dart:7264:36)
#176    Element.updateChild (package:flutter/src/widgets/framework.dart:4059:18)
#177    Element.updateChildren (package:flutter/src/widgets/framework.dart:4255:32)
#178    MultiChildRenderObjectElement.update (package:flutter/src/widgets/framework.dart:7295:17)
#179    Element.updateChild (package:flutter/src/widgets/framework.dart:4037:15)
#180    ComponentElement.performRebuild (package:flutter/src/widgets/framework.dart:5841:16)
#181    StatefulElement.performRebuild (package:flutter/src/widgets/framework.dart:5982:11)
#182    Element.rebuild (package:flutter/src/widgets/framework.dart:5529:7)
#183    StatefulElement.update (package:flutter/src/widgets/framework.dart:6007:5)
#184    Element.updateChild (package:flutter/src/widgets/framework.dart:4037:15)
#185    ComponentElement.performRebuild (package:flutter/src/widgets/framework.dart:5841:16)
#186    Element.rebuild (package:flutter/src/widgets/framework.dart:5529:7)
#187    ProxyElement.update (package:flutter/src/widgets/framework.dart:6149:5)
#188    Element.updateChild (package:flutter/src/widgets/framework.dart:4037:15)
#189    ComponentElement.performRebuild (package:flutter/src/widgets/framework.dart:5841:16)
#190    Element.rebuild (package:flutter/src/widgets/framework.dart:5529:7)
#191    ProxyElement.update (package:flutter/src/widgets/framework.dart:6149:5)
#192    _InheritedNotifierElement.update (package:flutter/src/widgets/inherited_notifier.dart:108:11)
#193    Element.updateChild (package:flutter/src/widgets/framework.dart:4037:15)
#194    ComponentElement.performRebuild (package:flutter/src/widgets/framework.dart:5841:16)
#195    StatefulElement.performRebuild (package:flutter/src/widgets/framework.dart:5982:11)
#196    Element.rebuild (package:flutter/src/widgets/framework.dart:5529:7)
#197    StatefulElement.update (package:flutter/src/widgets/framework.dart:6007:5)
#198    Element.updateChild (package:flutter/src/widgets/framework.dart:4037:15)
#199    ComponentElement.performRebuild (package:flutter/src/widgets/framework.dart:5841:16)
#200    Element.rebuild (package:flutter/src/widgets/framework.dart:5529:7)
#201    ProxyElement.update (package:flutter/src/widgets/framework.dart:6149:5)
#202    _InheritedNotifierElement.update (package:flutter/src/widgets/inherited_notifier.dart:108:11)
#203    Element.updateChild (package:flutter/src/widgets/framework.dart:4037:15)
#204    ComponentElement.performRebuild (package:flutter/src/widgets/framework.dart:5841:16)
#205    StatefulElement.performRebuild (package:flutter/src/widgets/framework.dart:5982:11)
#206    Element.rebuild (package:flutter/src/widgets/framework.dart:5529:7)
#207    StatefulElement.update (package:flutter/src/widgets/framework.dart:6007:5)
#208    Element.updateChild (package:flutter/src/widgets/framework.dart:4037:15)
#209    ComponentElement.performRebuild (package:flutter/src/widgets/framework.dart:5841:16)
#210    StatefulElement.performRebuild (package:flutter/src/widgets/framework.dart:5982:11)
#211    Element.rebuild (package:flutter/src/widgets/framework.dart:5529:7)
#212    StatefulElement.update (package:flutter/src/widgets/framework.dart:6007:5)
#213    Element.updateChild (package:flutter/src/widgets/framework.dart:4037:15)
#214    SingleChildRenderObjectElement.update (package:flutter/src/widgets/framework.dart:7122:14)
#215    Element.updateChild (package:flutter/src/widgets/framework.dart:4037:15)
#216    SingleChildRenderObjectElement.update (package:flutter/src/widgets/framework.dart:7122:14)
#217    Element.updateChild (package:flutter/src/widgets/framework.dart:4037:15)
#218    ComponentElement.performRebuild (package:flutter/src/widgets/framework.dart:5841:16)
#219    Element.rebuild (package:flutter/src/widgets/framework.dart:5529:7)
#220    ProxyElement.update (package:flutter/src/widgets/framework.dart:6149:5)
#221    Element.updateChild (package:flutter/src/widgets/framework.dart:4037:15)
#222    ComponentElement.performRebuild (package:flutter/src/widgets/framework.dart:5841:16)
#223    Element.rebuild (package:flutter/src/widgets/framework.dart:5529:7)
#224    ProxyElement.update (package:flutter/src/widgets/framework.dart:6149:5)
#225    Element.updateChild (package:flutter/src/widgets/framework.dart:4037:15)
#226    ComponentElement.performRebuild (package:flutter/src/widgets/framework.dart:5841:16)
#227    StatefulElement.performRebuild (package:flutter/src/widgets/framework.dart:5982:11)
#228    Element.rebuild (package:flutter/src/widgets/framework.dart:5529:7)
#229    StatefulElement.update (package:flutter/src/widgets/framework.dart:6007:5)
#230    Element.updateChild (package:flutter/src/widgets/framework.dart:4037:15)
#231    ComponentElement.performRebuild (package:flutter/src/widgets/framework.dart:5841:16)
#232    Element.rebuild (package:flutter/src/widgets/framework.dart:5529:7)
#233    ProxyElement.update (package:flutter/src/widgets/framework.dart:6149:5)
#234    Element.updateChild (package:flutter/src/widgets/framework.dart:4037:15)
#235    ComponentElement.performRebuild (package:flutter/src/widgets/framework.dart:5841:16)
#236    Element.rebuild (package:flutter/src/widgets/framework.dart:5529:7)
#237    ProxyElement.update (package:flutter/src/widgets/framework.dart:6149:5)
#238    _InheritedNotifierElement.update (package:flutter/src/widgets/inherited_notifier.dart:108:11)
#239    Element.updateChild (package:flutter/src/widgets/framework.dart:4037:15)
#240    ComponentElement.performRebuild (package:flutter/src/widgets/framework.dart:5841:16)
#241    StatefulElement.performRebuild (package:flutter/src/widgets/framework.dart:5982:11)
#242    Element.rebuild (package:flutter/src/widgets/framework.dart:5529:7)
#243    StatefulElement.update (package:flutter/src/widgets/framework.dart:6007:5)
#244    Element.updateChild (package:flutter/src/widgets/framework.dart:4037:15)
#245    ComponentElement.performRebuild (package:flutter/src/widgets/framework.dart:5841:16)
#246    Element.rebuild (package:flutter/src/widgets/framework.dart:5529:7)
#247    ProxyElement.update (package:flutter/src/widgets/framework.dart:6149:5)
#248    Element.updateChild (package:flutter/src/widgets/framework.dart:4037:15)
#249    ComponentElement.performRebuild (package:flutter/src/widgets/framework.dart:5841:16)
#250    Element.rebuild (package:flutter/src/widgets/framework.dart:5529:7)
#251    StatelessElement.update (package:flutter/src/widgets/framework.dart:5895:5)
#252    Element.updateChild (package:flutter/src/widgets/framework.dart:4037:15)
#253    ComponentElement.performRebuild (package:flutter/src/widgets/framework.dart:5841:16)
#254    Element.rebuild (package:flutter/src/widgets/framework.dart:5529:7)
#255    ProxyElement.update (package:flutter/src/widgets/framework.dart:6149:5)
#256    Element.updateChild (package:flutter/src/widgets/framework.dart:4037:15)
#257    ComponentElement.performRebuild (package:flutter/src/widgets/framework.dart:5841:16)
#258    Element.rebuild (package:flutter/src/widgets/framework.dart:5529:7)
#259    ProxyElement.update (package:flutter/src/widgets/framework.dart:6149:5)
#260    Element.updateChild (package:flutter/src/widgets/framework.dart:4037:15)
#261    ComponentElement.performRebuild (package:flutter/src/widgets/framework.dart:5841:16)
#262    StatefulElement.performRebuild (package:flutter/src/widgets/framework.dart:5982:11)
#263    Element.rebuild (package:flutter/src/widgets/framework.dart:5529:7)
#264    BuildScope._tryRebuild (package:flutter/src/widgets/framework.dart:2750:15)
#265    BuildScope._flushDirtyElements (package:flutter/src/widgets/framework.dart:2807:11)
#266    BuildOwner.buildScope (package:flutter/src/widgets/framework.dart:3111:18)
#267    AutomatedTestWidgetsFlutterBinding.drawFrame (package:flutter_test/src/binding.dart:2131:19)
#268    RendererBinding._handlePersistentFrameCallback (package:flutter/src/rendering/binding.dart:495:5)
#269    SchedulerBinding._invokeFrameCallback (package:flutter/src/scheduler/binding.dart:1430:15)
#270    SchedulerBinding.handleDrawFrame (package:flutter/src/scheduler/binding.dart:1345:9)
#271    AutomatedTestWidgetsFlutterBinding.pump.<anonymous closure> (package:flutter_test/src/binding.dart:1960:9)
#274    TestAsyncUtils.guard (package:flutter_test/src/test_async_utils.dart:74:41)
#275    AutomatedTestWidgetsFlutterBinding.pump (package:flutter_test/src/binding.dart:1949:27)
#276    WidgetTester.pump.<anonymous closure> (package:flutter_test/src/widget_tester.dart:652:53)
#279    TestAsyncUtils.guard (package:flutter_test/src/test_async_utils.dart:74:41)
#280    WidgetTester.pump (package:flutter_test/src/widget_tester.dart:652:27)
#281    main.<anonymous closure> (file:///D:/Projects/Expense-Tracker/test/widget_test.dart:11:18)
#282    testWidgets.<anonymous closure>.<anonymous closure> (package:flutter_test/src/widget_tester.dart:192:15)
#283    TestWidgetsFlutterBinding._runTestBody (package:flutter_test/src/binding.dart:1682:5)
#285    ProviderElementBase.watch (package:riverpod/src/framework/element.dart:742:20)
#286    authNotifierProvider.<anonymous closure> (package:expense_tracker/presentation/providers/auth_provider.dart:118:24)
#287    ProviderContainer.listen (package:riverpod/src/framework/container.dart:280:21)
#288    ConsumerStatefulElement.watch.<anonymous closure> (package:flutter_riverpod/src/consumer.dart:564:25)
#289    _LinkedHashMapMixin.putIfAbsent (dart:_compact_hash:675:23)
#290    ConsumerStatefulElement.watch (package:flutter_riverpod/src/consumer.dart:557:26)
#291    _LoginScreenState.build (package:expense_tracker/presentation/screens/auth/login_screen.dart:123:27)
#292    StatefulElement.build (package:flutter/src/widgets/framework.dart:5931:27)
#293    ConsumerStatefulElement.build (package:flutter_riverpod/src/consumer.dart:539:20)
#294    ComponentElement.performRebuild (package:flutter/src/widgets/framework.dart:5817:15)
#295    StatefulElement.performRebuild (package:flutter/src/widgets/framework.dart:5982:11)
#296    Element.rebuild (package:flutter/src/widgets/framework.dart:5529:7)
#297    ComponentElement._firstBuild (package:flutter/src/widgets/framework.dart:5799:5)
#298    StatefulElement._firstBuild (package:flutter/src/widgets/framework.dart:5973:11)
#299    ComponentElement.mount (package:flutter/src/widgets/framework.dart:5793:5)
...     Normal element mounting (163 frames)
#462    Element.inflateWidget (package:flutter/src/widgets/framework.dart:4587:20)
#463    MultiChildRenderObjectElement.inflateWidget (package:flutter/src/widgets/framework.dart:7264:36)
#464    Element.updateChild (package:flutter/src/widgets/framework.dart:4059:18)
#465    Element.updateChildren (package:flutter/src/widgets/framework.dart:4255:32)
#466    MultiChildRenderObjectElement.update (package:flutter/src/widgets/framework.dart:7295:17)
#467    Element.updateChild (package:flutter/src/widgets/framework.dart:4037:15)
#468    ComponentElement.performRebuild (package:flutter/src/widgets/framework.dart:5841:16)
#469    StatefulElement.performRebuild (package:flutter/src/widgets/framework.dart:5982:11)
#470    Element.rebuild (package:flutter/src/widgets/framework.dart:5529:7)
#471    StatefulElement.update (package:flutter/src/widgets/framework.dart:6007:5)
#472    Element.updateChild (package:flutter/src/widgets/framework.dart:4037:15)
#473    ComponentElement.performRebuild (package:flutter/src/widgets/framework.dart:5841:16)
#474    Element.rebuild (package:flutter/src/widgets/framework.dart:5529:7)
#475    ProxyElement.update (package:flutter/src/widgets/framework.dart:6149:5)
#476    Element.updateChild (package:flutter/src/widgets/framework.dart:4037:15)
#477    ComponentElement.performRebuild (package:flutter/src/widgets/framework.dart:5841:16)
#478    Element.rebuild (package:flutter/src/widgets/framework.dart:5529:7)
#479    ProxyElement.update (package:flutter/src/widgets/framework.dart:6149:5)
#480    _InheritedNotifierElement.update (package:flutter/src/widgets/inherited_notifier.dart:108:11)
#481    Element.updateChild (package:flutter/src/widgets/framework.dart:4037:15)
#482    ComponentElement.performRebuild (package:flutter/src/widgets/framework.dart:5841:16)
#483    StatefulElement.performRebuild (package:flutter/src/widgets/framework.dart:5982:11)
#484    Element.rebuild (package:flutter/src/widgets/framework.dart:5529:7)
#485    StatefulElement.update (package:flutter/src/widgets/framework.dart:6007:5)
#486    Element.updateChild (package:flutter/src/widgets/framework.dart:4037:15)
#487    ComponentElement.performRebuild (package:flutter/src/widgets/framework.dart:5841:16)
#488    Element.rebuild (package:flutter/src/widgets/framework.dart:5529:7)
#489    ProxyElement.update (package:flutter/src/widgets/framework.dart:6149:5)
#490    _InheritedNotifierElement.update (package:flutter/src/widgets/inherited_notifier.dart:108:11)
#491    Element.updateChild (package:flutter/src/widgets/framework.dart:4037:15)
#492    ComponentElement.performRebuild (package:flutter/src/widgets/framework.dart:5841:16)
#493    StatefulElement.performRebuild (package:flutter/src/widgets/framework.dart:5982:11)
#494    Element.rebuild (package:flutter/src/widgets/framework.dart:5529:7)
#495    StatefulElement.update (package:flutter/src/widgets/framework.dart:6007:5)
#496    Element.updateChild (package:flutter/src/widgets/framework.dart:4037:15)
#497    ComponentElement.performRebuild (package:flutter/src/widgets/framework.dart:5841:16)
#498    StatefulElement.performRebuild (package:flutter/src/widgets/framework.dart:5982:11)
#499    Element.rebuild (package:flutter/src/widgets/framework.dart:5529:7)
#500    StatefulElement.update (package:flutter/src/widgets/framework.dart:6007:5)
#501    Element.updateChild (package:flutter/src/widgets/framework.dart:4037:15)
#502    SingleChildRenderObjectElement.update (package:flutter/src/widgets/framework.dart:7122:14)
#503    Element.updateChild (package:flutter/src/widgets/framework.dart:4037:15)
#504    SingleChildRenderObjectElement.update (package:flutter/src/widgets/framework.dart:7122:14)
#505    Element.updateChild (package:flutter/src/widgets/framework.dart:4037:15)
#506    ComponentElement.performRebuild (package:flutter/src/widgets/framework.dart:5841:16)
#507    Element.rebuild (package:flutter/src/widgets/framework.dart:5529:7)
#508    ProxyElement.update (package:flutter/src/widgets/framework.dart:6149:5)
#509    Element.updateChild (package:flutter/src/widgets/framework.dart:4037:15)
#510    ComponentElement.performRebuild (package:flutter/src/widgets/framework.dart:5841:16)
#511    Element.rebuild (package:flutter/src/widgets/framework.dart:5529:7)
#512    ProxyElement.update (package:flutter/src/widgets/framework.dart:6149:5)
#513    Element.updateChild (package:flutter/src/widgets/framework.dart:4037:15)
#514    ComponentElement.performRebuild (package:flutter/src/widgets/framework.dart:5841:16)
#515    StatefulElement.performRebuild (package:flutter/src/widgets/framework.dart:5982:11)
#516    Element.rebuild (package:flutter/src/widgets/framework.dart:5529:7)
#517    StatefulElement.update (package:flutter/src/widgets/framework.dart:6007:5)
#518    Element.updateChild (package:flutter/src/widgets/framework.dart:4037:15)
#519    ComponentElement.performRebuild (package:flutter/src/widgets/framework.dart:5841:16)
#520    Element.rebuild (package:flutter/src/widgets/framework.dart:5529:7)
#521    ProxyElement.update (package:flutter/src/widgets/framework.dart:6149:5)
#522    Element.updateChild (package:flutter/src/widgets/framework.dart:4037:15)
#523    ComponentElement.performRebuild (package:flutter/src/widgets/framework.dart:5841:16)
#524    Element.rebuild (package:flutter/src/widgets/framework.dart:5529:7)
#525    ProxyElement.update (package:flutter/src/widgets/framework.dart:6149:5)
#526    _InheritedNotifierElement.update (package:flutter/src/widgets/inherited_notifier.dart:108:11)
#527    Element.updateChild (package:flutter/src/widgets/framework.dart:4037:15)
#528    ComponentElement.performRebuild (package:flutter/src/widgets/framework.dart:5841:16)
#529    StatefulElement.performRebuild (package:flutter/src/widgets/framework.dart:5982:11)
#530    Element.rebuild (package:flutter/src/widgets/framework.dart:5529:7)
#531    StatefulElement.update (package:flutter/src/widgets/framework.dart:6007:5)
#532    Element.updateChild (package:flutter/src/widgets/framework.dart:4037:15)
#533    ComponentElement.performRebuild (package:flutter/src/widgets/framework.dart:5841:16)
#534    Element.rebuild (package:flutter/src/widgets/framework.dart:5529:7)
#535    ProxyElement.update (package:flutter/src/widgets/framework.dart:6149:5)
#536    Element.updateChild (package:flutter/src/widgets/framework.dart:4037:15)
#537    ComponentElement.performRebuild (package:flutter/src/widgets/framework.dart:5841:16)
#538    Element.rebuild (package:flutter/src/widgets/framework.dart:5529:7)
#539    StatelessElement.update (package:flutter/src/widgets/framework.dart:5895:5)
#540    Element.updateChild (package:flutter/src/widgets/framework.dart:4037:15)
#541    ComponentElement.performRebuild (package:flutter/src/widgets/framework.dart:5841:16)
#542    Element.rebuild (package:flutter/src/widgets/framework.dart:5529:7)
#543    ProxyElement.update (package:flutter/src/widgets/framework.dart:6149:5)
#544    Element.updateChild (package:flutter/src/widgets/framework.dart:4037:15)
#545    ComponentElement.performRebuild (package:flutter/src/widgets/framework.dart:5841:16)
#546    Element.rebuild (package:flutter/src/widgets/framework.dart:5529:7)
#547    ProxyElement.update (package:flutter/src/widgets/framework.dart:6149:5)
#548    Element.updateChild (package:flutter/src/widgets/framework.dart:4037:15)
#549    ComponentElement.performRebuild (package:flutter/src/widgets/framework.dart:5841:16)
#550    StatefulElement.performRebuild (package:flutter/src/widgets/framework.dart:5982:11)
#551    Element.rebuild (package:flutter/src/widgets/framework.dart:5529:7)
#552    BuildScope._tryRebuild (package:flutter/src/widgets/framework.dart:2750:15)
#553    BuildScope._flushDirtyElements (package:flutter/src/widgets/framework.dart:2807:11)
#554    BuildOwner.buildScope (package:flutter/src/widgets/framework.dart:3111:18)
#555    AutomatedTestWidgetsFlutterBinding.drawFrame (package:flutter_test/src/binding.dart:2131:19)
#556    RendererBinding._handlePersistentFrameCallback (package:flutter/src/rendering/binding.dart:495:5)
#557    SchedulerBinding._invokeFrameCallback (package:flutter/src/scheduler/binding.dart:1430:15)
#558    SchedulerBinding.handleDrawFrame (package:flutter/src/scheduler/binding.dart:1345:9)
#559    AutomatedTestWidgetsFlutterBinding.pump.<anonymous closure> (package:flutter_test/src/binding.dart:1960:9)
#562    TestAsyncUtils.guard (package:flutter_test/src/test_async_utils.dart:74:41)
#563    AutomatedTestWidgetsFlutterBinding.pump (package:flutter_test/src/binding.dart:1949:27)
#564    WidgetTester.pump.<anonymous closure> (package:flutter_test/src/widget_tester.dart:652:53)
#567    TestAsyncUtils.guard (package:flutter_test/src/test_async_utils.dart:74:41)
#568    WidgetTester.pump (package:flutter_test/src/widget_tester.dart:652:27)
#569    main.<anonymous closure> (file:///D:/Projects/Expense-Tracker/test/widget_test.dart:11:18)
#570    testWidgets.<anonymous closure>.<anonymous closure> (package:flutter_test/src/widget_tester.dart:192:15)
#571    TestWidgetsFlutterBinding._runTestBody (package:flutter_test/src/binding.dart:1682:5)
#573    HiveImpl._getBoxInternal (package:hive/src/hive_impl.dart:186:7)
#574    HiveImpl.box (package:hive/src/hive_impl.dart:197:33)
#575    authRepositoryProvider.<anonymous closure> (package:expense_tracker/presentation/providers/auth_provider.dart:10:43)
#576    ProviderElementBase.watch (package:riverpod/src/framework/element.dart:714:12)
#577    authStateProvider.<anonymous closure> (package:expense_tracker/presentation/providers/auth_provider.dart:15:24)
#578    ProviderElementBase.watch (package:riverpod/src/framework/element.dart:714:12)
#579    routerProvider.<anonymous closure> (package:expense_tracker/core/routing/app_router.dart:47:25)
#580    ProviderContainer.listen (package:riverpod/src/framework/container.dart:280:21)
#581    ConsumerStatefulElement.watch.<anonymous closure> (package:flutter_riverpod/src/consumer.dart:564:25)
#582    _LinkedHashMapMixin.putIfAbsent (dart:_compact_hash:675:23)
#583    ConsumerStatefulElement.watch (package:flutter_riverpod/src/consumer.dart:557:26)
#584    ExpenseTrackerApp.build (package:expense_tracker/app.dart:12:24)
#585    _ConsumerState.build (package:flutter_riverpod/src/consumer.dart:476:19)
#586    StatefulElement.build (package:flutter/src/widgets/framework.dart:5931:27)
#587    ConsumerStatefulElement.build (package:flutter_riverpod/src/consumer.dart:539:20)
#588    ComponentElement.performRebuild (package:flutter/src/widgets/framework.dart:5817:15)
#589    StatefulElement.performRebuild (package:flutter/src/widgets/framework.dart:5982:11)
#590    Element.rebuild (package:flutter/src/widgets/framework.dart:5529:7)
#591    ComponentElement._firstBuild (package:flutter/src/widgets/framework.dart:5799:5)
#592    StatefulElement._firstBuild (package:flutter/src/widgets/framework.dart:5973:11)
#593    ComponentElement.mount (package:flutter/src/widgets/framework.dart:5793:5)
...     Normal element mounting (7 frames)
#600    _UncontrolledProviderScopeElement.mount (package:flutter_riverpod/src/framework.dart:315:11)
...     Normal element mounting (9 frames)
#609    Element.inflateWidget (package:flutter/src/widgets/framework.dart:4587:20)
#610    Element.updateChild (package:flutter/src/widgets/framework.dart:4053:20)
#611    ComponentElement.performRebuild (package:flutter/src/widgets/framework.dart:5841:16)
#612    Element.rebuild (package:flutter/src/widgets/framework.dart:5529:7)
#613    ProxyElement.update (package:flutter/src/widgets/framework.dart:6149:5)
#614    _InheritedNotifierElement.update (package:flutter/src/widgets/inherited_notifier.dart:108:11)
#615    Element.updateChild (package:flutter/src/widgets/framework.dart:4037:15)
#616    ComponentElement.performRebuild (package:flutter/src/widgets/framework.dart:5841:16)
#617    StatefulElement.performRebuild (package:flutter/src/widgets/framework.dart:5982:11)
#618    Element.rebuild (package:flutter/src/widgets/framework.dart:5529:7)
#619    StatefulElement.update (package:flutter/src/widgets/framework.dart:6007:5)
#620    Element.updateChild (package:flutter/src/widgets/framework.dart:4037:15)
#621    ComponentElement.performRebuild (package:flutter/src/widgets/framework.dart:5841:16)
#622    Element.rebuild (package:flutter/src/widgets/framework.dart:5529:7)
#623    ProxyElement.update (package:flutter/src/widgets/framework.dart:6149:5)
#624    _InheritedNotifierElement.update (package:flutter/src/widgets/inherited_notifier.dart:108:11)
#625    Element.updateChild (package:flutter/src/widgets/framework.dart:4037:15)
#626    ComponentElement.performRebuild (package:flutter/src/widgets/framework.dart:5841:16)
#627    StatefulElement.performRebuild (package:flutter/src/widgets/framework.dart:5982:11)
#628    Element.rebuild (package:flutter/src/widgets/framework.dart:5529:7)
#629    StatefulElement.update (package:flutter/src/widgets/framework.dart:6007:5)
#630    Element.updateChild (package:flutter/src/widgets/framework.dart:4037:15)
#631    ComponentElement.performRebuild (package:flutter/src/widgets/framework.dart:5841:16)
#632    StatefulElement.performRebuild (package:flutter/src/widgets/framework.dart:5982:11)
#633    Element.rebuild (package:flutter/src/widgets/framework.dart:5529:7)
#634    StatefulElement.update (package:flutter/src/widgets/framework.dart:6007:5)
#635    Element.updateChild (package:flutter/src/widgets/framework.dart:4037:15)
#636    ComponentElement.performRebuild (package:flutter/src/widgets/framework.dart:5841:16)
#637    Element.rebuild (package:flutter/src/widgets/framework.dart:5529:7)
#638    ProxyElement.update (package:flutter/src/widgets/framework.dart:6149:5)
#639    Element.updateChild (package:flutter/src/widgets/framework.dart:4037:15)
#640    ComponentElement.performRebuild (package:flutter/src/widgets/framework.dart:5841:16)
#641    StatefulElement.performRebuild (package:flutter/src/widgets/framework.dart:5982:11)
#642    Element.rebuild (package:flutter/src/widgets/framework.dart:5529:7)
#643    StatefulElement.update (package:flutter/src/widgets/framework.dart:6007:5)
#644    Element.updateChild (package:flutter/src/widgets/framework.dart:4037:15)
#645    ComponentElement.performRebuild (package:flutter/src/widgets/framework.dart:5841:16)
#646    Element.rebuild (package:flutter/src/widgets/framework.dart:5529:7)
#647    ProxyElement.update (package:flutter/src/widgets/framework.dart:6149:5)
#648    Element.updateChild (package:flutter/src/widgets/framework.dart:4037:15)
#649    ComponentElement.performRebuild (package:flutter/src/widgets/framework.dart:5841:16)
#650    Element.rebuild (package:flutter/src/widgets/framework.dart:5529:7)
#651    ProxyElement.update (package:flutter/src/widgets/framework.dart:6149:5)
#652    Element.updateChild (package:flutter/src/widgets/framework.dart:4037:15)
#653    _RawViewElement._updateChild (package:flutter/src/widgets/view.dart:481:16)
#654    _RawViewElement.update (package:flutter/src/widgets/view.dart:568:5)
#655    Element.updateChild (package:flutter/src/widgets/framework.dart:4037:15)
#656    ComponentElement.performRebuild (package:flutter/src/widgets/framework.dart:5841:16)
#657    Element.rebuild (package:flutter/src/widgets/framework.dart:5529:7)
#658    StatelessElement.update (package:flutter/src/widgets/framework.dart:5895:5)
#659    Element.updateChild (package:flutter/src/widgets/framework.dart:4037:15)
#660    ComponentElement.performRebuild (package:flutter/src/widgets/framework.dart:5841:16)
#661    StatefulElement.performRebuild (package:flutter/src/widgets/framework.dart:5982:11)
#662    Element.rebuild (package:flutter/src/widgets/framework.dart:5529:7)
#663    StatefulElement.update (package:flutter/src/widgets/framework.dart:6007:5)
#664    Element.updateChild (package:flutter/src/widgets/framework.dart:4037:15)
#665    RootElement._rebuild (package:flutter/src/widgets/binding.dart:1822:16)
#666    RootElement.update (package:flutter/src/widgets/binding.dart:1800:5)
#667    RootElement.performRebuild (package:flutter/src/widgets/binding.dart:1814:7)
#668    Element.rebuild (package:flutter/src/widgets/framework.dart:5529:7)
#669    BuildScope._tryRebuild (package:flutter/src/widgets/framework.dart:2750:15)
#670    BuildScope._flushDirtyElements (package:flutter/src/widgets/framework.dart:2807:11)
#671    BuildOwner.buildScope (package:flutter/src/widgets/framework.dart:3111:18)
#672    AutomatedTestWidgetsFlutterBinding.drawFrame (package:flutter_test/src/binding.dart:2131:19)
#673    RendererBinding._handlePersistentFrameCallback (package:flutter/src/rendering/binding.dart:495:5)
#674    SchedulerBinding._invokeFrameCallback (package:flutter/src/scheduler/binding.dart:1430:15)
#675    SchedulerBinding.handleDrawFrame (package:flutter/src/scheduler/binding.dart:1345:9)
#676    AutomatedTestWidgetsFlutterBinding.pump.<anonymous closure> (package:flutter_test/src/binding.dart:1960:9)
#679    TestAsyncUtils.guard (package:flutter_test/src/test_async_utils.dart:74:41)
#680    AutomatedTestWidgetsFlutterBinding.pump (package:flutter_test/src/binding.dart:1949:27)
#681    WidgetTester.pumpWidget.<anonymous closure> (package:flutter_test/src/widget_tester.dart:598:22)
#684    TestAsyncUtils.guard (package:flutter_test/src/test_async_utils.dart:74:41)
#685    WidgetTester.pumpWidget (package:flutter_test/src/widget_tester.dart:595:27)
#686    main.<anonymous closure> (file:///D:/Projects/Expense-Tracker/test/widget_test.dart:8:18)
#687    testWidgets.<anonymous closure>.<anonymous closure> (package:flutter_test/src/widget_tester.dart:192:29)
#689    main.<anonymous closure> (file:///D:/Projects/Expense-Tracker/test/widget_test.dart:8:5)
#690    testWidgets.<anonymous closure>.<anonymous closure> (package:flutter_test/src/widget_tester.dart:192:29)
#692    testWidgets.<anonymous closure>.<anonymous closure> (package:flutter_test/src/widget_tester.dart:189:25)
#693    TestWidgetsFlutterBinding._runTestBody (package:flutter_test/src/binding.dart:1682:19)
#695    TestWidgetsFlutterBinding._runTestBody (package:flutter_test/src/binding.dart:1671:5)
#698    TestWidgetsFlutterBinding._runTest (package:flutter_test/src/binding.dart:1656:10)
#699    AutomatedTestWidgetsFlutterBinding.runTest.<anonymous closure> (package:flutter_test/src/binding.dart:2189:24)
#700    FakeAsync.run.<anonymous closure>.<anonymous closure> (package:fake_async/fake_async.dart:182:47)
#705    withClock (package:clock/src/default.dart:52:10)
#706    FakeAsync.run.<anonymous closure> (package:fake_async/fake_async.dart:182:15)
#711    FakeAsync.run (package:fake_async/fake_async.dart:181:52)
#712    AutomatedTestWidgetsFlutterBinding.runTest (package:flutter_test/src/binding.dart:2186:15)
#713    testWidgets.<anonymous closure> (package:flutter_test/src/widget_tester.dart:184:24)
#714    Declarer.test.<anonymous closure>.<anonymous closure> (package:test_api/src/backend/declarer.dart:253:25)
#716    Declarer.test.<anonymous closure>.<anonymous closure> (package:test_api/src/backend/declarer.dart:252:15)
#721    Declarer.test.<anonymous closure> (package:test_api/src/backend/declarer.dart:250:17)
#722    Invoker._waitForOutstandingCallbacks.<anonymous closure> (package:test_api/src/backend/invoker.dart:318:17)
#727    Invoker._waitForOutstandingCallbacks (package:test_api/src/backend/invoker.dart:314:5)
#728    Invoker._onRun.<anonymous closure>.<anonymous closure>.<anonymous closure> (package:test_api/src/backend/invoker.dart:457:21)
#730    Invoker._onRun.<anonymous closure>.<anonymous closure>.<anonymous closure> (package:test_api/src/backend/invoker.dart:455:15)
#735    Invoker._onRun.<anonymous closure>.<anonymous closure> (package:test_api/src/backend/invoker.dart:445:11)
#736    Invoker._guardIfGuarded (package:test_api/src/backend/invoker.dart:500:15)
#737    Invoker._onRun.<anonymous closure> (package:test_api/src/backend/invoker.dart:444:9)
#744    Invoker._onRun (package:test_api/src/backend/invoker.dart:442:11)
#745    LiveTestController.run (package:test_api/src/backend/live_test_controller.dart:161:11)
#746    RemoteListener._runLiveTest.<anonymous closure> (package:test_api/src/backend/remote_listener.dart:323:16)
#751    RemoteListener._runLiveTest (package:test_api/src/backend/remote_listener.dart:322:5)
#752    RemoteListener._serializeTest.<anonymous closure> (package:test_api/src/backend/remote_listener.dart:263:7)
#770    _GuaranteeSink.add (package:stream_channel/src/guarantee_channel.dart:125:12)
#771    new _MultiChannel.<anonymous closure> (package:stream_channel/src/multi_channel.dart:159:31)
#773    CastStreamSubscription._onData (dart:_internal/async_cast.dart:95:11)
#799    new _WebSocketImpl._fromSocket.<anonymous closure> (dart:_http/websocket_impl.dart:1252:27)
#805    _WebSocketProtocolTransformer._messageFrameEnd (dart:_http/websocket_impl.dart:348:23)
#806    _WebSocketProtocolTransformer.add (dart:_http/websocket_impl.dart:238:46)
#814    _Socket._onData (dart:io-patch/socket_patch.dart:2874:41)
#821    new _RawSocket.<anonymous closure> (dart:io-patch/socket_patch.dart:2312:31)
#822    _NativeSocket.issueReadEvent.issue (dart:io-patch/socket_patch.dart:1647:14)
#826    main.<anonymous closure> (file:///D:/Projects/Expense-Tracker/test/widget_test.dart:8:5)
#827    testWidgets.<anonymous closure>.<anonymous closure> (package:flutter_test/src/widget_tester.dart:192:29)
#829    testWidgets.<anonymous closure>.<anonymous closure> (package:flutter_test/src/widget_tester.dart:189:25)
#830    TestWidgetsFlutterBinding._runTestBody (package:flutter_test/src/binding.dart:1682:19)
#832    TestWidgetsFlutterBinding._runTestBody (package:flutter_test/src/binding.dart:1671:5)
#835    TestWidgetsFlutterBinding._runTest (package:flutter_test/src/binding.dart:1656:10)
#836    AutomatedTestWidgetsFlutterBinding.runTest.<anonymous closure> (package:flutter_test/src/binding.dart:2189:24)
#837    FakeAsync.run.<anonymous closure>.<anonymous closure> (package:fake_async/fake_async.dart:182:47)
#842    withClock (package:clock/src/default.dart:52:10)
#843    FakeAsync.run.<anonymous closure> (package:fake_async/fake_async.dart:182:15)
#848    FakeAsync.run (package:fake_async/fake_async.dart:181:52)
#849    AutomatedTestWidgetsFlutterBinding.runTest (package:flutter_test/src/binding.dart:2186:15)
#850    testWidgets.<anonymous closure> (package:flutter_test/src/widget_tester.dart:184:24)
#851    Declarer.test.<anonymous closure>.<anonymous closure> (package:test_api/src/backend/declarer.dart:253:25)
#853    Declarer.test.<anonymous closure>.<anonymous closure> (package:test_api/src/backend/declarer.dart:252:15)
#858    Declarer.test.<anonymous closure> (package:test_api/src/backend/declarer.dart:250:17)
#859    Invoker._waitForOutstandingCallbacks.<anonymous closure> (package:test_api/src/backend/invoker.dart:318:17)
#864    Invoker._waitForOutstandingCallbacks (package:test_api/src/backend/invoker.dart:314:5)
#865    Invoker._onRun.<anonymous closure>.<anonymous closure>.<anonymous closure> (package:test_api/src/backend/invoker.dart:457:21)
#867    Invoker._onRun.<anonymous closure>.<anonymous closure>.<anonymous closure> (package:test_api/src/backend/invoker.dart:455:15)
#872    Invoker._onRun.<anonymous closure>.<anonymous closure> (package:test_api/src/backend/invoker.dart:445:11)
#873    Invoker._guardIfGuarded (package:test_api/src/backend/invoker.dart:500:15)
#874    Invoker._onRun.<anonymous closure> (package:test_api/src/backend/invoker.dart:444:9)
#881    Invoker._onRun (package:test_api/src/backend/invoker.dart:442:11)
#882    LiveTestController.run (package:test_api/src/backend/live_test_controller.dart:161:11)
#883    RemoteListener._runLiveTest.<anonymous closure> (package:test_api/src/backend/remote_listener.dart:323:16)
#888    RemoteListener._runLiveTest (package:test_api/src/backend/remote_listener.dart:322:5)
#889    RemoteListener._serializeTest.<anonymous closure> (package:test_api/src/backend/remote_listener.dart:263:7)
#907    _GuaranteeSink.add (package:stream_channel/src/guarantee_channel.dart:125:12)
#908    new _MultiChannel.<anonymous closure> (package:stream_channel/src/multi_channel.dart:159:31)
#910    CastStreamSubscription._onData (dart:_internal/async_cast.dart:95:11)
#936    new _WebSocketImpl._fromSocket.<anonymous closure> (dart:_http/websocket_impl.dart:1252:27)
#942    _WebSocketProtocolTransformer._messageFrameEnd (dart:_http/websocket_impl.dart:348:23)
#943    _WebSocketProtocolTransformer.add (dart:_http/websocket_impl.dart:238:46)
#951    _Socket._onData (dart:io-patch/socket_patch.dart:2874:41)
#958    new _RawSocket.<anonymous closure> (dart:io-patch/socket_patch.dart:2312:31)
#959    _NativeSocket.issueReadEvent.issue (dart:io-patch/socket_patch.dart:1647:14)
(elided 214 frames from dart:async and package:stack_trace)

ΓòÉΓòÉΓòÉΓòÉΓòÉΓòÉΓòÉΓòÉΓòÉΓòÉΓòÉΓòÉΓòÉΓòÉΓòÉΓòÉΓòÉΓòÉΓòÉΓòÉΓòÉΓòÉΓòÉΓòÉΓòÉΓòÉΓòÉΓòÉΓòÉΓòÉΓòÉΓòÉΓòÉΓòÉΓòÉΓòÉΓòÉΓòÉΓòÉΓòÉΓòÉΓòÉΓòÉΓòÉΓòÉΓòÉΓòÉΓòÉΓòÉΓòÉΓòÉΓòÉΓòÉΓòÉΓòÉΓòÉΓòÉΓòÉΓòÉΓòÉΓòÉΓòÉΓòÉΓòÉΓòÉΓòÉΓòÉΓòÉΓòÉΓòÉΓòÉΓòÉΓòÉΓòÉΓòÉΓòÉΓòÉΓòÉΓòÉΓòÉΓòÉΓòÉΓòÉΓòÉΓòÉΓòÉΓòÉΓòÉΓòÉΓòÉΓòÉΓòÉΓòÉΓòÉΓòÉΓòÉΓòÉΓòÉΓòÉΓòÉ
00:00 +0 -1: App smoke test [E]
  Test failed. See exception logs above.
  The test description was: App smoke test
  
00:00 +0 -1: Some tests failed.
