00:00 +0: loading D:/Projects/Expense-Tracker/test/widget_test.dart
00:00 +0: (setUpAll)
00:00 +0: App smoke test
ΓòÉΓòÉΓòí EXCEPTION CAUGHT BY WIDGETS LIBRARY Γò₧ΓòÉΓòÉΓòÉΓòÉΓòÉΓòÉΓòÉΓòÉΓòÉΓòÉΓòÉΓòÉΓòÉΓòÉΓòÉΓòÉΓòÉΓòÉΓòÉΓòÉΓòÉΓòÉΓòÉΓòÉΓòÉΓòÉΓòÉΓòÉΓòÉΓòÉΓòÉΓòÉΓòÉΓòÉΓòÉΓòÉΓòÉΓòÉΓòÉΓòÉΓòÉΓòÉΓòÉΓòÉΓòÉΓòÉΓòÉΓòÉΓòÉΓòÉΓòÉΓòÉΓòÉΓòÉΓòÉΓòÉΓòÉΓòÉΓòÉ
The following FirebaseException was thrown building LoginScreen(dirty, dependencies:
[InheritedCupertinoTheme, MediaQuery, UncontrolledProviderScope, _InheritedTheme,
_LocalizationsScope-[GlobalKey#b72a6]], state: _LoginScreenState#ba2db):
[core/no-app] No Firebase App '[DEFAULT]' has been created - call Firebase.initializeApp()

The relevant error-causing widget was:
  LoginScreen LoginScreen:file:///D:/Projects/Expense-Tracker/lib/core/routing/app_router.dart:82:24

When the exception was thrown, this was the stack:
#1      _ProviderStateSubscription.read (package:riverpod/src/framework/provider_base.dart:181:28)
#2      ConsumerStatefulElement.watch (package:flutter_riverpod/src/consumer.dart:568:8)
#3      _LoginScreenState.build (package:expense_tracker/presentation/screens/auth/login_screen.dart:123:27)
#4      StatefulElement.build (package:flutter/src/widgets/framework.dart:5931:27)
#5      ConsumerStatefulElement.build (package:flutter_riverpod/src/consumer.dart:539:20)
#6      ComponentElement.performRebuild (package:flutter/src/widgets/framework.dart:5817:15)
#7      StatefulElement.performRebuild (package:flutter/src/widgets/framework.dart:5982:11)
#8      Element.rebuild (package:flutter/src/widgets/framework.dart:5529:7)
#9      ComponentElement._firstBuild (package:flutter/src/widgets/framework.dart:5799:5)
#10     StatefulElement._firstBuild (package:flutter/src/widgets/framework.dart:5973:11)
#11     ComponentElement.mount (package:flutter/src/widgets/framework.dart:5793:5)
...     Normal element mounting (163 frames)
#174    Element.inflateWidget (package:flutter/src/widgets/framework.dart:4587:20)
#175    MultiChildRenderObjectElement.inflateWidget (package:flutter/src/widgets/framework.dart:7264:36)
#176    Element.updateChild (package:flutter/src/widgets/framework.dart:4059:18)
#177    Element.updateChildren (package:flutter/src/widgets/framework.dart:4255:32)
#178    MultiChildRenderObjectElement.update (package:flutter/src/widgets/framework.dart:7295:17)
#179    Element.updateChild (package:flutter/src/widgets/framework.dart:4037:15)
#180    ComponentElement.performRebuild (package:flutter/src/widgets/framework.dart:5841:16)
#181    StatefulElement.performRebuild (package:flutter/src/widgets/framework.dart:5982:11)
#182    Element.rebuild (package:flutter/src/widgets/framework.dart:5529:7)
#183    StatefulElement.update (package:flutter/src/widgets/framework.dart:6007:5)
#184    Element.updateChild (package:flutter/src/widgets/framework.dart:4037:15)
#185    ComponentElement.performRebuild (package:flutter/src/widgets/framework.dart:5841:16)
#186    Element.rebuild (package:flutter/src/widgets/framework.dart:5529:7)
#187    ProxyElement.update (package:flutter/src/widgets/framework.dart:6149:5)
#188    Element.updateChild (package:flutter/src/widgets/framework.dart:4037:15)
#189    ComponentElement.performRebuild (package:flutter/src/widgets/framework.dart:5841:16)
#190    Element.rebuild (package:flutter/src/widgets/framework.dart:5529:7)
#191    ProxyElement.update (package:flutter/src/widgets/framework.dart:6149:5)
#192    _InheritedNotifierElement.update (package:flutter/src/widgets/inherited_notifier.dart:108:11)
#193    Element.updateChild (package:flutter/src/widgets/framework.dart:4037:15)
#194    ComponentElement.performRebuild (package:flutter/src/widgets/framework.dart:5841:16)
#195    StatefulElement.performRebuild (package:flutter/src/widgets/framework.dart:5982:11)
#196    Element.rebuild (package:flutter/src/widgets/framework.dart:5529:7)
#197    StatefulElement.update (package:flutter/src/widgets/framework.dart:6007:5)
#198    Element.updateChild (package:flutter/src/widgets/framework.dart:4037:15)
#199    ComponentElement.performRebuild (package:flutter/src/widgets/framework.dart:5841:16)
#200    Element.rebuild (package:flutter/src/widgets/framework.dart:5529:7)
#201    ProxyElement.update (package:flutter/src/widgets/framework.dart:6149:5)
#202    _InheritedNotifierElement.update (package:flutter/src/widgets/inherited_notifier.dart:108:11)
#203    Element.updateChild (package:flutter/src/widgets/framework.dart:4037:15)
#204    ComponentElement.performRebuild (package:flutter/src/widgets/framework.dart:5841:16)
#205    StatefulElement.performRebuild (package:flutter/src/widgets/framework.dart:5982:11)
#206    Element.rebuild (package:flutter/src/widgets/framework.dart:5529:7)
#207    StatefulElement.update (package:flutter/src/widgets/framework.dart:6007:5)
#208    Element.updateChild (package:flutter/src/widgets/framework.dart:4037:15)
#209    ComponentElement.performRebuild (package:flutter/src/widgets/framework.dart:5841:16)
#210    StatefulElement.performRebuild (package:flutter/src/widgets/framework.dart:5982:11)
#211    Element.rebuild (package:flutter/src/widgets/framework.dart:5529:7)
#212    StatefulElement.update (package:flutter/src/widgets/framework.dart:6007:5)
#213    Element.updateChild (package:flutter/src/widgets/framework.dart:4037:15)
#214    SingleChildRenderObjectElement.update (package:flutter/src/widgets/framework.dart:7122:14)
#215    Element.updateChild (package:flutter/src/widgets/framework.dart:4037:15)
#216    SingleChildRenderObjectElement.update (package:flutter/src/widgets/framework.dart:7122:14)
#217    Element.updateChild (package:flutter/src/widgets/framework.dart:4037:15)
#218    ComponentElement.performRebuild (package:flutter/src/widgets/framework.dart:5841:16)
#219    Element.rebuild (package:flutter/src/widgets/framework.dart:5529:7)
#220    ProxyElement.update (package:flutter/src/widgets/framework.dart:6149:5)
#221    Element.updateChild (package:flutter/src/widgets/framework.dart:4037:15)
#222    ComponentElement.performRebuild (package:flutter/src/widgets/framework.dart:5841:16)
#223    Element.rebuild (package:flutter/src/widgets/framework.dart:5529:7)
#224    ProxyElement.update (package:flutter/src/widgets/framework.dart:6149:5)
#225    Element.updateChild (package:flutter/src/widgets/framework.dart:4037:15)
#226    ComponentElement.performRebuild (package:flutter/src/widgets/framework.dart:5841:16)
#227    StatefulElement.performRebuild (package:flutter/src/widgets/framework.dart:5982:11)
#228    Element.rebuild (package:flutter/src/widgets/framework.dart:5529:7)
#229    StatefulElement.update (package:flutter/src/widgets/framework.dart:6007:5)
#230    Element.updateChild (package:flutter/src/widgets/framework.dart:4037:15)
#231    ComponentElement.performRebuild (package:flutter/src/widgets/framework.dart:5841:16)
#232    Element.rebuild (package:flutter/src/widgets/framework.dart:5529:7)
#233    ProxyElement.update (package:flutter/src/widgets/framework.dart:6149:5)
#234    Element.updateChild (package:flutter/src/widgets/framework.dart:4037:15)
#235    ComponentElement.performRebuild (package:flutter/src/widgets/framework.dart:5841:16)
#236    Element.rebuild (package:flutter/src/widgets/framework.dart:5529:7)
#237    ProxyElement.update (package:flutter/src/widgets/framework.dart:6149:5)
#238    _InheritedNotifierElement.update (package:flutter/src/widgets/inherited_notifier.dart:108:11)
#239    Element.updateChild (package:flutter/src/widgets/framework.dart:4037:15)
#240    ComponentElement.performRebuild (package:flutter/src/widgets/framework.dart:5841:16)
#241    StatefulElement.performRebuild (package:flutter/src/widgets/framework.dart:5982:11)
#242    Element.rebuild (package:flutter/src/widgets/framework.dart:5529:7)
#243    StatefulElement.update (package:flutter/src/widgets/framework.dart:6007:5)
#244    Element.updateChild (package:flutter/src/widgets/framework.dart:4037:15)
#245    ComponentElement.performRebuild (package:flutter/src/widgets/framework.dart:5841:16)
#246    Element.rebuild (package:flutter/src/widgets/framework.dart:5529:7)
#247    ProxyElement.update (package:flutter/src/widgets/framework.dart:6149:5)
#248    Element.updateChild (package:flutter/src/widgets/framework.dart:4037:15)
#249    ComponentElement.performRebuild (package:flutter/src/widgets/framework.dart:5841:16)
#250    Element.rebuild (package:flutter/src/widgets/framework.dart:5529:7)
#251    StatelessElement.update (package:flutter/src/widgets/framework.dart:5895:5)
#252    Element.updateChild (package:flutter/src/widgets/framework.dart:4037:15)
#253    ComponentElement.performRebuild (package:flutter/src/widgets/framework.dart:5841:16)
#254    Element.rebuild (package:flutter/src/widgets/framework.dart:5529:7)
#255    ProxyElement.update (package:flutter/src/widgets/framework.dart:6149:5)
#256    Element.updateChild (package:flutter/src/widgets/framework.dart:4037:15)
#257    ComponentElement.performRebuild (package:flutter/src/widgets/framework.dart:5841:16)
#258    Element.rebuild (package:flutter/src/widgets/framework.dart:5529:7)
#259    ProxyElement.update (package:flutter/src/widgets/framework.dart:6149:5)
#260    Element.updateChild (package:flutter/src/widgets/framework.dart:4037:15)
#261    ComponentElement.performRebuild (package:flutter/src/widgets/framework.dart:5841:16)
#262    StatefulElement.performRebuild (package:flutter/src/widgets/framework.dart:5982:11)
#263    Element.rebuild (package:flutter/src/widgets/framework.dart:5529:7)
#264    BuildScope._tryRebuild (package:flutter/src/widgets/framework.dart:2750:15)
#265    BuildScope._flushDirtyElements (package:flutter/src/widgets/framework.dart:2807:11)
#266    BuildOwner.buildScope (package:flutter/src/widgets/framework.dart:3111:18)
#267    AutomatedTestWidgetsFlutterBinding.drawFrame (package:flutter_test/src/binding.dart:2131:19)
#268    RendererBinding._handlePersistentFrameCallback (package:flutter/src/rendering/binding.dart:495:5)
#269    SchedulerBinding._invokeFrameCallback (package:flutter/src/scheduler/binding.dart:1430:15)
#270    SchedulerBinding.handleDrawFrame (package:flutter/src/scheduler/binding.dart:1345:9)
#271    AutomatedTestWidgetsFlutterBinding.pump.<anonymous closure> (package:flutter_test/src/binding.dart:1960:9)
#274    TestAsyncUtils.guard (package:flutter_test/src/test_async_utils.dart:74:41)
#275    AutomatedTestWidgetsFlutterBinding.pump (package:flutter_test/src/binding.dart:1949:27)
#276    WidgetTester.pump.<anonymous closure> (package:flutter_test/src/widget_tester.dart:652:53)
#279    TestAsyncUtils.guard (package:flutter_test/src/test_async_utils.dart:74:41)
#280    WidgetTester.pump (package:flutter_test/src/widget_tester.dart:652:27)
#281    main.<anonymous closure> (file:///D:/Projects/Expense-Tracker/test/widget_test.dart:34:18)
#282    testWidgets.<anonymous closure>.<anonymous closure> (package:flutter_test/src/widget_tester.dart:192:15)
#283    TestWidgetsFlutterBinding._runTestBody (package:flutter_test/src/binding.dart:1682:5)
#285    ProviderElementBase.watch (package:riverpod/src/framework/element.dart:742:20)
#286    authNotifierProvider.<anonymous closure> (package:expense_tracker/presentation/providers/auth_provider.dart:118:24)
#287    ProviderContainer.listen (package:riverpod/src/framework/container.dart:280:21)
#288    ConsumerStatefulElement.watch.<anonymous closure> (package:flutter_riverpod/src/consumer.dart:564:25)
#289    _LinkedHashMapMixin.putIfAbsent (dart:_compact_hash:675:23)
#290    ConsumerStatefulElement.watch (package:flutter_riverpod/src/consumer.dart:557:26)
#291    _LoginScreenState.build (package:expense_tracker/presentation/screens/auth/login_screen.dart:123:27)
#292    StatefulElement.build (package:flutter/src/widgets/framework.dart:5931:27)
#293    ConsumerStatefulElement.build (package:flutter_riverpod/src/consumer.dart:539:20)
#294    ComponentElement.performRebuild (package:flutter/src/widgets/framework.dart:5817:15)
#295    StatefulElement.performRebuild (package:flutter/src/widgets/framework.dart:5982:11)
#296    Element.rebuild (package:flutter/src/widgets/framework.dart:5529:7)
#297    ComponentElement._firstBuild (package:flutter/src/widgets/framework.dart:5799:5)
#298    StatefulElement._firstBuild (package:flutter/src/widgets/framework.dart:5973:11)
#299    ComponentElement.mount (package:flutter/src/widgets/framework.dart:5793:5)
...     Normal element mounting (163 frames)
#462    Element.inflateWidget (package:flutter/src/widgets/framework.dart:4587:20)
#463    MultiChildRenderObjectElement.inflateWidget (package:flutter/src/widgets/framework.dart:7264:36)
#464    Element.updateChild (package:flutter/src/widgets/framework.dart:4059:18)
#465    Element.updateChildren (package:flutter/src/widgets/framework.dart:4255:32)
#466    MultiChildRenderObjectElement.update (package:flutter/src/widgets/framework.dart:7295:17)
#467    Element.updateChild (package:flutter/src/widgets/framework.dart:4037:15)
#468    ComponentElement.performRebuild (package:flutter/src/widgets/framework.dart:5841:16)
#469    StatefulElement.performRebuild (package:flutter/src/widgets/framework.dart:5982:11)
#470    Element.rebuild (package:flutter/src/widgets/framework.dart:5529:7)
#471    StatefulElement.update (package:flutter/src/widgets/framework.dart:6007:5)
#472    Element.updateChild (package:flutter/src/widgets/framework.dart:4037:15)
#473    ComponentElement.performRebuild (package:flutter/src/widgets/framework.dart:5841:16)
#474    Element.rebuild (package:flutter/src/widgets/framework.dart:5529:7)
#475    ProxyElement.update (package:flutter/src/widgets/framework.dart:6149:5)
#476    Element.updateChild (package:flutter/src/widgets/framework.dart:4037:15)
#477    ComponentElement.performRebuild (package:flutter/src/widgets/framework.dart:5841:16)
#478    Element.rebuild (package:flutter/src/widgets/framework.dart:5529:7)
#479    ProxyElement.update (package:flutter/src/widgets/framework.dart:6149:5)
#480    _InheritedNotifierElement.update (package:flutter/src/widgets/inherited_notifier.dart:108:11)
#481    Element.updateChild (package:flutter/src/widgets/framework.dart:4037:15)
#482    ComponentElement.performRebuild (package:flutter/src/widgets/framework.dart:5841:16)
#483    StatefulElement.performRebuild (package:flutter/src/widgets/framework.dart:5982:11)
#484    Element.rebuild (package:flutter/src/widgets/framework.dart:5529:7)
#485    StatefulElement.update (package:flutter/src/widgets/framework.dart:6007:5)
#486    Element.updateChild (package:flutter/src/widgets/framework.dart:4037:15)
#487    ComponentElement.performRebuild (package:flutter/src/widgets/framework.dart:5841:16)
#488    Element.rebuild (package:flutter/src/widgets/framework.dart:5529:7)
#489    ProxyElement.update (package:flutter/src/widgets/framework.dart:6149:5)
#490    _InheritedNotifierElement.update (package:flutter/src/widgets/inherited_notifier.dart:108:11)
#491    Element.updateChild (package:flutter/src/widgets/framework.dart:4037:15)
#492    ComponentElement.performRebuild (package:flutter/src/widgets/framework.dart:5841:16)
#493    StatefulElement.performRebuild (package:flutter/src/widgets/framework.dart:5982:11)
#494    Element.rebuild (package:flutter/src/widgets/framework.dart:5529:7)
#495    StatefulElement.update (package:flutter/src/widgets/framework.dart:6007:5)
#496    Element.updateChild (package:flutter/src/widgets/framework.dart:4037:15)
#497    ComponentElement.performRebuild (package:flutter/src/widgets/framework.dart:5841:16)
#498    StatefulElement.performRebuild (package:flutter/src/widgets/framework.dart:5982:11)
#499    Element.rebuild (package:flutter/src/widgets/framework.dart:5529:7)
#500    StatefulElement.update (package:flutter/src/widgets/framework.dart:6007:5)
#501    Element.updateChild (package:flutter/src/widgets/framework.dart:4037:15)
#502    SingleChildRenderObjectElement.update (package:flutter/src/widgets/framework.dart:7122:14)
#503    Element.updateChild (package:flutter/src/widgets/framework.dart:4037:15)
#504    SingleChildRenderObjectElement.update (package:flutter/src/widgets/framework.dart:7122:14)
#505    Element.updateChild (package:flutter/src/widgets/framework.dart:4037:15)
#506    ComponentElement.performRebuild (package:flutter/src/widgets/framework.dart:5841:16)
#507    Element.rebuild (package:flutter/src/widgets/framework.dart:5529:7)
#508    ProxyElement.update (package:flutter/src/widgets/framework.dart:6149:5)
#509    Element.updateChild (package:flutter/src/widgets/framework.dart:4037:15)
#510    ComponentElement.performRebuild (package:flutter/src/widgets/framework.dart:5841:16)
#511    Element.rebuild (package:flutter/src/widgets/framework.dart:5529:7)
#512    ProxyElement.update (package:flutter/src/widgets/framework.dart:6149:5)
#513    Element.updateChild (package:flutter/src/widgets/framework.dart:4037:15)
#514    ComponentElement.performRebuild (package:flutter/src/widgets/framework.dart:5841:16)
#515    StatefulElement.performRebuild (package:flutter/src/widgets/framework.dart:5982:11)
#516    Element.rebuild (package:flutter/src/widgets/framework.dart:5529:7)
#517    StatefulElement.update (package:flutter/src/widgets/framework.dart:6007:5)
#518    Element.updateChild (package:flutter/src/widgets/framework.dart:4037:15)
#519    ComponentElement.performRebuild (package:flutter/src/widgets/framework.dart:5841:16)
#520    Element.rebuild (package:flutter/src/widgets/framework.dart:5529:7)
#521    ProxyElement.update (package:flutter/src/widgets/framework.dart:6149:5)
#522    Element.updateChild (package:flutter/src/widgets/framework.dart:4037:15)
#523    ComponentElement.performRebuild (package:flutter/src/widgets/framework.dart:5841:16)
#524    Element.rebuild (package:flutter/src/widgets/framework.dart:5529:7)
#525    ProxyElement.update (package:flutter/src/widgets/framework.dart:6149:5)
#526    _InheritedNotifierElement.update (package:flutter/src/widgets/inherited_notifier.dart:108:11)
#527    Element.updateChild (package:flutter/src/widgets/framework.dart:4037:15)
#528    ComponentElement.performRebuild (package:flutter/src/widgets/framework.dart:5841:16)
#529    StatefulElement.performRebuild (package:flutter/src/widgets/framework.dart:5982:11)
#530    Element.rebuild (package:flutter/src/widgets/framework.dart:5529:7)
#531    StatefulElement.update (package:flutter/src/widgets/framework.dart:6007:5)
#532    Element.updateChild (package:flutter/src/widgets/framework.dart:4037:15)
#533    ComponentElement.performRebuild (package:flutter/src/widgets/framework.dart:5841:16)
#534    Element.rebuild (package:flutter/src/widgets/framework.dart:5529:7)
#535    ProxyElement.update (package:flutter/src/widgets/framework.dart:6149:5)
#536    Element.updateChild (package:flutter/src/widgets/framework.dart:4037:15)
#537    ComponentElement.performRebuild (package:flutter/src/widgets/framework.dart:5841:16)
#538    Element.rebuild (package:flutter/src/widgets/framework.dart:5529:7)
#539    StatelessElement.update (package:flutter/src/widgets/framework.dart:5895:5)
#540    Element.updateChild (package:flutter/src/widgets/framework.dart:4037:15)
#541    ComponentElement.performRebuild (package:flutter/src/widgets/framework.dart:5841:16)
#542    Element.rebuild (package:flutter/src/widgets/framework.dart:5529:7)
#543    ProxyElement.update (package:flutter/src/widgets/framework.dart:6149:5)
#544    Element.updateChild (package:flutter/src/widgets/framework.dart:4037:15)
#545    ComponentElement.performRebuild (package:flutter/src/widgets/framework.dart:5841:16)
#546    Element.rebuild (package:flutter/src/widgets/framework.dart:5529:7)
#547    ProxyElement.update (package:flutter/src/widgets/framework.dart:6149:5)
#548    Element.updateChild (package:flutter/src/widgets/framework.dart:4037:15)
#549    ComponentElement.performRebuild (package:flutter/src/widgets/framework.dart:5841:16)
#550    StatefulElement.performRebuild (package:flutter/src/widgets/framework.dart:5982:11)
#551    Element.rebuild (package:flutter/src/widgets/framework.dart:5529:7)
#552    BuildScope._tryRebuild (package:flutter/src/widgets/framework.dart:2750:15)
#553    BuildScope._flushDirtyElements (package:flutter/src/widgets/framework.dart:2807:11)
#554    BuildOwner.buildScope (package:flutter/src/widgets/framework.dart:3111:18)
#555    AutomatedTestWidgetsFlutterBinding.drawFrame (package:flutter_test/src/binding.dart:2131:19)
#556    RendererBinding._handlePersistentFrameCallback (package:flutter/src/rendering/binding.dart:495:5)
#557    SchedulerBinding._invokeFrameCallback (package:flutter/src/scheduler/binding.dart:1430:15)
#558    SchedulerBinding.handleDrawFrame (package:flutter/src/scheduler/binding.dart:1345:9)
#559    AutomatedTestWidgetsFlutterBinding.pump.<anonymous closure> (package:flutter_test/src/binding.dart:1960:9)
#562    TestAsyncUtils.guard (package:flutter_test/src/test_async_utils.dart:74:41)
#563    AutomatedTestWidgetsFlutterBinding.pump (package:flutter_test/src/binding.dart:1949:27)
#564    WidgetTester.pump.<anonymous closure> (package:flutter_test/src/widget_tester.dart:652:53)
#567    TestAsyncUtils.guard (package:flutter_test/src/test_async_utils.dart:74:41)
#568    WidgetTester.pump (package:flutter_test/src/widget_tester.dart:652:27)
#569    main.<anonymous closure> (file:///D:/Projects/Expense-Tracker/test/widget_test.dart:34:18)
#570    testWidgets.<anonymous closure>.<anonymous closure> (package:flutter_test/src/widget_tester.dart:192:15)
#571    TestWidgetsFlutterBinding._runTestBody (package:flutter_test/src/binding.dart:1682:5)
#573    MethodChannelFirebase.app (package:firebase_core_platform_interface/src/method_channel/method_channel_firebase.dart:190:5)
#574    Firebase.app (package:firebase_core/src/firebase.dart:79:41)
#575    FirebaseAuth.instance (package:firebase_auth/src/firebase_auth.dart:38:47)
#576    new AuthRepositoryImpl (package:expense_tracker/data/repositories/auth_repository_impl.dart:26:54)
#577    authRepositoryProvider.<anonymous closure> (package:expense_tracker/presentation/providers/auth_provider.dart:10:10)
#578    ProviderElementBase.watch (package:riverpod/src/framework/element.dart:714:12)
#579    authStateProvider.<anonymous closure> (package:expense_tracker/presentation/providers/auth_provider.dart:15:24)
#580    ProviderElementBase.watch (package:riverpod/src/framework/element.dart:714:12)
#581    routerProvider.<anonymous closure> (package:expense_tracker/core/routing/app_router.dart:47:25)
#582    ProviderContainer.listen (package:riverpod/src/framework/container.dart:280:21)
#583    ConsumerStatefulElement.watch.<anonymous closure> (package:flutter_riverpod/src/consumer.dart:564:25)
#584    _LinkedHashMapMixin.putIfAbsent (dart:_compact_hash:675:23)
#585    ConsumerStatefulElement.watch (package:flutter_riverpod/src/consumer.dart:557:26)
#586    ExpenseTrackerApp.build (package:expense_tracker/app.dart:12:24)
#587    _ConsumerState.build (package:flutter_riverpod/src/consumer.dart:476:19)
#588    StatefulElement.build (package:flutter/src/widgets/framework.dart:5931:27)
#589    ConsumerStatefulElement.build (package:flutter_riverpod/src/consumer.dart:539:20)
#590    ComponentElement.performRebuild (package:flutter/src/widgets/framework.dart:5817:15)
#591    StatefulElement.performRebuild (package:flutter/src/widgets/framework.dart:5982:11)
#592    Element.rebuild (package:flutter/src/widgets/framework.dart:5529:7)
#593    ComponentElement._firstBuild (package:flutter/src/widgets/framework.dart:5799:5)
#594    StatefulElement._firstBuild (package:flutter/src/widgets/framework.dart:5973:11)
#595    ComponentElement.mount (package:flutter/src/widgets/framework.dart:5793:5)
...     Normal element mounting (7 frames)
#602    _UncontrolledProviderScopeElement.mount (package:flutter_riverpod/src/framework.dart:315:11)
...     Normal element mounting (9 frames)
#611    Element.inflateWidget (package:flutter/src/widgets/framework.dart:4587:20)
#612    Element.updateChild (package:flutter/src/widgets/framework.dart:4053:20)
#613    ComponentElement.performRebuild (package:flutter/src/widgets/framework.dart:5841:16)
#614    Element.rebuild (package:flutter/src/widgets/framework.dart:5529:7)
#615    ProxyElement.update (package:flutter/src/widgets/framework.dart:6149:5)
#616    _InheritedNotifierElement.update (package:flutter/src/widgets/inherited_notifier.dart:108:11)
#617    Element.updateChild (package:flutter/src/widgets/framework.dart:4037:15)
#618    ComponentElement.performRebuild (package:flutter/src/widgets/framework.dart:5841:16)
#619    StatefulElement.performRebuild (package:flutter/src/widgets/framework.dart:5982:11)
#620    Element.rebuild (package:flutter/src/widgets/framework.dart:5529:7)
#621    StatefulElement.update (package:flutter/src/widgets/framework.dart:6007:5)
#622    Element.updateChild (package:flutter/src/widgets/framework.dart:4037:15)
#623    ComponentElement.performRebuild (package:flutter/src/widgets/framework.dart:5841:16)
#624    Element.rebuild (package:flutter/src/widgets/framework.dart:5529:7)
#625    ProxyElement.update (package:flutter/src/widgets/framework.dart:6149:5)
#626    _InheritedNotifierElement.update (package:flutter/src/widgets/inherited_notifier.dart:108:11)
#627    Element.updateChild (package:flutter/src/widgets/framework.dart:4037:15)
#628    ComponentElement.performRebuild (package:flutter/src/widgets/framework.dart:5841:16)
#629    StatefulElement.performRebuild (package:flutter/src/widgets/framework.dart:5982:11)
#630    Element.rebuild (package:flutter/src/widgets/framework.dart:5529:7)
#631    StatefulElement.update (package:flutter/src/widgets/framework.dart:6007:5)
#632    Element.updateChild (package:flutter/src/widgets/framework.dart:4037:15)
#633    ComponentElement.performRebuild (package:flutter/src/widgets/framework.dart:5841:16)
#634    StatefulElement.performRebuild (package:flutter/src/widgets/framework.dart:5982:11)
#635    Element.rebuild (package:flutter/src/widgets/framework.dart:5529:7)
#636    StatefulElement.update (package:flutter/src/widgets/framework.dart:6007:5)
#637    Element.updateChild (package:flutter/src/widgets/framework.dart:4037:15)
#638    ComponentElement.performRebuild (package:flutter/src/widgets/framework.dart:5841:16)
#639    Element.rebuild (package:flutter/src/widgets/framework.dart:5529:7)
#640    ProxyElement.update (package:flutter/src/widgets/framework.dart:6149:5)
#641    Element.updateChild (package:flutter/src/widgets/framework.dart:4037:15)
#642    ComponentElement.performRebuild (package:flutter/src/widgets/framework.dart:5841:16)
#643    StatefulElement.performRebuild (package:flutter/src/widgets/framework.dart:5982:11)
#644    Element.rebuild (package:flutter/src/widgets/framework.dart:5529:7)
#645    StatefulElement.update (package:flutter/src/widgets/framework.dart:6007:5)
#646    Element.updateChild (package:flutter/src/widgets/framework.dart:4037:15)
#647    ComponentElement.performRebuild (package:flutter/src/widgets/framework.dart:5841:16)
#648    Element.rebuild (package:flutter/src/widgets/framework.dart:5529:7)
#649    ProxyElement.update (package:flutter/src/widgets/framework.dart:6149:5)
#650    Element.updateChild (package:flutter/src/widgets/framework.dart:4037:15)
#651    ComponentElement.performRebuild (package:flutter/src/widgets/framework.dart:5841:16)
#652    Element.rebuild (package:flutter/src/widgets/framework.dart:5529:7)
#653    ProxyElement.update (package:flutter/src/widgets/framework.dart:6149:5)
#654    Element.updateChild (package:flutter/src/widgets/framework.dart:4037:15)
#655    _RawViewElement._updateChild (package:flutter/src/widgets/view.dart:481:16)
#656    _RawViewElement.update (package:flutter/src/widgets/view.dart:568:5)
#657    Element.updateChild (package:flutter/src/widgets/framework.dart:4037:15)
#658    ComponentElement.performRebuild (package:flutter/src/widgets/framework.dart:5841:16)
#659    Element.rebuild (package:flutter/src/widgets/framework.dart:5529:7)
#660    StatelessElement.update (package:flutter/src/widgets/framework.dart:5895:5)
#661    Element.updateChild (package:flutter/src/widgets/framework.dart:4037:15)
#662    ComponentElement.performRebuild (package:flutter/src/widgets/framework.dart:5841:16)
#663    StatefulElement.performRebuild (package:flutter/src/widgets/framework.dart:5982:11)
#664    Element.rebuild (package:flutter/src/widgets/framework.dart:5529:7)
#665    StatefulElement.update (package:flutter/src/widgets/framework.dart:6007:5)
#666    Element.updateChild (package:flutter/src/widgets/framework.dart:4037:15)
#667    RootElement._rebuild (package:flutter/src/widgets/binding.dart:1822:16)
#668    RootElement.update (package:flutter/src/widgets/binding.dart:1800:5)
#669    RootElement.performRebuild (package:flutter/src/widgets/binding.dart:1814:7)
#670    Element.rebuild (package:flutter/src/widgets/framework.dart:5529:7)
#671    BuildScope._tryRebuild (package:flutter/src/widgets/framework.dart:2750:15)
#672    BuildScope._flushDirtyElements (package:flutter/src/widgets/framework.dart:2807:11)
#673    BuildOwner.buildScope (package:flutter/src/widgets/framework.dart:3111:18)
#674    AutomatedTestWidgetsFlutterBinding.drawFrame (package:flutter_test/src/binding.dart:2131:19)
#675    RendererBinding._handlePersistentFrameCallback (package:flutter/src/rendering/binding.dart:495:5)
#676    SchedulerBinding._invokeFrameCallback (package:flutter/src/scheduler/binding.dart:1430:15)
#677    SchedulerBinding.handleDrawFrame (package:flutter/src/scheduler/binding.dart:1345:9)
#678    AutomatedTestWidgetsFlutterBinding.pump.<anonymous closure> (package:flutter_test/src/binding.dart:1960:9)
#681    TestAsyncUtils.guard (package:flutter_test/src/test_async_utils.dart:74:41)
#682    AutomatedTestWidgetsFlutterBinding.pump (package:flutter_test/src/binding.dart:1949:27)
#683    WidgetTester.pumpWidget.<anonymous closure> (package:flutter_test/src/widget_tester.dart:598:22)
#686    TestAsyncUtils.guard (package:flutter_test/src/test_async_utils.dart:74:41)
#687    WidgetTester.pumpWidget (package:flutter_test/src/widget_tester.dart:595:27)
#688    main.<anonymous closure> (file:///D:/Projects/Expense-Tracker/test/widget_test.dart:31:18)
#689    testWidgets.<anonymous closure>.<anonymous closure> (package:flutter_test/src/widget_tester.dart:192:29)
#691    main.<anonymous closure> (file:///D:/Projects/Expense-Tracker/test/widget_test.dart:31:5)
#692    testWidgets.<anonymous closure>.<anonymous closure> (package:flutter_test/src/widget_tester.dart:192:29)
#694    testWidgets.<anonymous closure>.<anonymous closure> (package:flutter_test/src/widget_tester.dart:189:25)
#695    TestWidgetsFlutterBinding._runTestBody (package:flutter_test/src/binding.dart:1682:19)
#697    TestWidgetsFlutterBinding._runTestBody (package:flutter_test/src/binding.dart:1671:5)
#700    TestWidgetsFlutterBinding._runTest (package:flutter_test/src/binding.dart:1656:10)
#701    AutomatedTestWidgetsFlutterBinding.runTest.<anonymous closure> (package:flutter_test/src/binding.dart:2189:24)
#702    FakeAsync.run.<anonymous closure>.<anonymous closure> (package:fake_async/fake_async.dart:182:47)
#707    withClock (package:clock/src/default.dart:52:10)
#708    FakeAsync.run.<anonymous closure> (package:fake_async/fake_async.dart:182:15)
#713    FakeAsync.run (package:fake_async/fake_async.dart:181:52)
#714    AutomatedTestWidgetsFlutterBinding.runTest (package:flutter_test/src/binding.dart:2186:15)
#715    testWidgets.<anonymous closure> (package:flutter_test/src/widget_tester.dart:184:24)
#716    Declarer.test.<anonymous closure>.<anonymous closure> (package:test_api/src/backend/declarer.dart:253:25)
#718    Declarer.test.<anonymous closure>.<anonymous closure> (package:test_api/src/backend/declarer.dart:252:15)
#723    Declarer.test.<anonymous closure> (package:test_api/src/backend/declarer.dart:250:17)
#724    Invoker._waitForOutstandingCallbacks.<anonymous closure> (package:test_api/src/backend/invoker.dart:318:17)
#729    Invoker._waitForOutstandingCallbacks (package:test_api/src/backend/invoker.dart:314:5)
#730    Invoker._onRun.<anonymous closure>.<anonymous closure>.<anonymous closure> (package:test_api/src/backend/invoker.dart:457:21)
#732    Invoker._onRun.<anonymous closure>.<anonymous closure>.<anonymous closure> (package:test_api/src/backend/invoker.dart:455:15)
#737    Invoker._onRun.<anonymous closure>.<anonymous closure> (package:test_api/src/backend/invoker.dart:445:11)
#738    Invoker._guardIfGuarded (package:test_api/src/backend/invoker.dart:500:15)
#739    Invoker._onRun.<anonymous closure> (package:test_api/src/backend/invoker.dart:444:9)
#746    Invoker._onRun (package:test_api/src/backend/invoker.dart:442:11)
#747    LiveTestController.run (package:test_api/src/backend/live_test_controller.dart:161:11)
#748    RemoteListener._runLiveTest.<anonymous closure> (package:test_api/src/backend/remote_listener.dart:323:16)
#753    RemoteListener._runLiveTest (package:test_api/src/backend/remote_listener.dart:322:5)
#754    RemoteListener._serializeTest.<anonymous closure> (package:test_api/src/backend/remote_listener.dart:263:7)
#772    _GuaranteeSink.add (package:stream_channel/src/guarantee_channel.dart:125:12)
#773    new _MultiChannel.<anonymous closure> (package:stream_channel/src/multi_channel.dart:159:31)
#775    CastStreamSubscription._onData (dart:_internal/async_cast.dart:95:11)
#801    new _WebSocketImpl._fromSocket.<anonymous closure> (dart:_http/websocket_impl.dart:1252:27)
#807    _WebSocketProtocolTransformer._messageFrameEnd (dart:_http/websocket_impl.dart:348:23)
#808    _WebSocketProtocolTransformer.add (dart:_http/websocket_impl.dart:238:46)
#816    _Socket._onData (dart:io-patch/socket_patch.dart:2874:41)
#823    new _RawSocket.<anonymous closure> (dart:io-patch/socket_patch.dart:2312:31)
#824    _NativeSocket.issueReadEvent.issue (dart:io-patch/socket_patch.dart:1647:14)
#828    main.<anonymous closure> (file:///D:/Projects/Expense-Tracker/test/widget_test.dart:31:5)
#829    testWidgets.<anonymous closure>.<anonymous closure> (package:flutter_test/src/widget_tester.dart:192:29)
#831    testWidgets.<anonymous closure>.<anonymous closure> (package:flutter_test/src/widget_tester.dart:189:25)
#832    TestWidgetsFlutterBinding._runTestBody (package:flutter_test/src/binding.dart:1682:19)
#834    TestWidgetsFlutterBinding._runTestBody (package:flutter_test/src/binding.dart:1671:5)
#837    TestWidgetsFlutterBinding._runTest (package:flutter_test/src/binding.dart:1656:10)
#838    AutomatedTestWidgetsFlutterBinding.runTest.<anonymous closure> (package:flutter_test/src/binding.dart:2189:24)
#839    FakeAsync.run.<anonymous closure>.<anonymous closure> (package:fake_async/fake_async.dart:182:47)
#844    withClock (package:clock/src/default.dart:52:10)
#845    FakeAsync.run.<anonymous closure> (package:fake_async/fake_async.dart:182:15)
#850    FakeAsync.run (package:fake_async/fake_async.dart:181:52)
#851    AutomatedTestWidgetsFlutterBinding.runTest (package:flutter_test/src/binding.dart:2186:15)
#852    testWidgets.<anonymous closure> (package:flutter_test/src/widget_tester.dart:184:24)
#853    Declarer.test.<anonymous closure>.<anonymous closure> (package:test_api/src/backend/declarer.dart:253:25)
#855    Declarer.test.<anonymous closure>.<anonymous closure> (package:test_api/src/backend/declarer.dart:252:15)
#860    Declarer.test.<anonymous closure> (package:test_api/src/backend/declarer.dart:250:17)
#861    Invoker._waitForOutstandingCallbacks.<anonymous closure> (package:test_api/src/backend/invoker.dart:318:17)
#866    Invoker._waitForOutstandingCallbacks (package:test_api/src/backend/invoker.dart:314:5)
#867    Invoker._onRun.<anonymous closure>.<anonymous closure>.<anonymous closure> (package:test_api/src/backend/invoker.dart:457:21)
#869    Invoker._onRun.<anonymous closure>.<anonymous closure>.<anonymous closure> (package:test_api/src/backend/invoker.dart:455:15)
#874    Invoker._onRun.<anonymous closure>.<anonymous closure> (package:test_api/src/backend/invoker.dart:445:11)
#875    Invoker._guardIfGuarded (package:test_api/src/backend/invoker.dart:500:15)
#876    Invoker._onRun.<anonymous closure> (package:test_api/src/backend/invoker.dart:444:9)
#883    Invoker._onRun (package:test_api/src/backend/invoker.dart:442:11)
#884    LiveTestController.run (package:test_api/src/backend/live_test_controller.dart:161:11)
#885    RemoteListener._runLiveTest.<anonymous closure> (package:test_api/src/backend/remote_listener.dart:323:16)
#890    RemoteListener._runLiveTest (package:test_api/src/backend/remote_listener.dart:322:5)
#891    RemoteListener._serializeTest.<anonymous closure> (package:test_api/src/backend/remote_listener.dart:263:7)
#909    _GuaranteeSink.add (package:stream_channel/src/guarantee_channel.dart:125:12)
#910    new _MultiChannel.<anonymous closure> (package:stream_channel/src/multi_channel.dart:159:31)
#912    CastStreamSubscription._onData (dart:_internal/async_cast.dart:95:11)
#938    new _WebSocketImpl._fromSocket.<anonymous closure> (dart:_http/websocket_impl.dart:1252:27)
#944    _WebSocketProtocolTransformer._messageFrameEnd (dart:_http/websocket_impl.dart:348:23)
#945    _WebSocketProtocolTransformer.add (dart:_http/websocket_impl.dart:238:46)
#953    _Socket._onData (dart:io-patch/socket_patch.dart:2874:41)
#960    new _RawSocket.<anonymous closure> (dart:io-patch/socket_patch.dart:2312:31)
#961    _NativeSocket.issueReadEvent.issue (dart:io-patch/socket_patch.dart:1647:14)
(elided 214 frames from dart:async and package:stack_trace)

ΓòÉΓòÉΓòÉΓòÉΓòÉΓòÉΓòÉΓòÉΓòÉΓòÉΓòÉΓòÉΓòÉΓòÉΓòÉΓòÉΓòÉΓòÉΓòÉΓòÉΓòÉΓòÉΓòÉΓòÉΓòÉΓòÉΓòÉΓòÉΓòÉΓòÉΓòÉΓòÉΓòÉΓòÉΓòÉΓòÉΓòÉΓòÉΓòÉΓòÉΓòÉΓòÉΓòÉΓòÉΓòÉΓòÉΓòÉΓòÉΓòÉΓòÉΓòÉΓòÉΓòÉΓòÉΓòÉΓòÉΓòÉΓòÉΓòÉΓòÉΓòÉΓòÉΓòÉΓòÉΓòÉΓòÉΓòÉΓòÉΓòÉΓòÉΓòÉΓòÉΓòÉΓòÉΓòÉΓòÉΓòÉΓòÉΓòÉΓòÉΓòÉΓòÉΓòÉΓòÉΓòÉΓòÉΓòÉΓòÉΓòÉΓòÉΓòÉΓòÉΓòÉΓòÉΓòÉΓòÉΓòÉΓòÉΓòÉΓòÉ
00:00 +0 -1: App smoke test [E]
  Test failed. See exception logs above.
  The test description was: App smoke test
  
00:00 +0 -1: (tearDownAll)
00:00 +0 -1: Some tests failed.
